[Mon Feb  9 12:00:01 CST 2026] Starting Sync...
From github.com:LuJie0403/openclaw-agent-ws
 * branch            master     -> FETCH_HEAD
warning: fetch updated the current branch head.
fast-forwarding your working tree from
commit 2a14f31bce34c8369e9d5b882fe49cca4dc02169.
error: Your local changes to the following files would be overwritten by merge:
	AGENTS.md
Please commit your changes or stash them before you merge.
error: The following untracked working tree files would be overwritten by merge:
	logs/cron_backup.log
	logs/cron_sync.log
	personal-data/expense-project-retrospective-2026-02-09.md
	scripts/system_backup.sh
	scripts/system_sync.sh
Please move or remove them before you merge.
Aborting
fatal: Cannot fast-forward your working tree.
After making sure that you saved anything precious from
$ git diff 2a14f31bce34c8369e9d5b882fe49cca4dc02169
output, run
$ git reset --hard
to recover.
[Mon Feb  9 12:00:02 CST 2026] Sync Failed
[Mon Feb  9 16:00:01 CST 2026] Starting Sync...
From github.com:LuJie0403/openclaw-agent-ws
 * branch            master     -> FETCH_HEAD
Already up to date.
[Mon Feb  9 16:00:02 CST 2026] Sync Success
[Tue Feb 10 12:00:01 CST 2026] Starting Sync...
[Tue Feb 10 16:00:01 CST 2026] Starting Sync...
From github.com:LuJie0403/openclaw-agent-ws
 * branch            master     -> FETCH_HEAD
Already up to date.
[Tue Feb 10 16:00:02 CST 2026] Sync Success
[Tue Feb 10 20:00:01 CST 2026] Starting Sync...
From github.com:LuJie0403/openclaw-agent-ws
 * branch            master     -> FETCH_HEAD
Already up to date.
[Tue Feb 10 20:00:02 CST 2026] Sync Success
[Wed Feb 11 08:00:01 CST 2026] Starting Sync...
From github.com:LuJie0403/openclaw-agent-ws
 * branch            master     -> FETCH_HEAD
Already up to date.
[Wed Feb 11 08:00:02 CST 2026] Sync Success
[Wed Feb 11 12:00:01 CST 2026] Starting Sync...
From github.com:LuJie0403/openclaw-agent-ws
 * branch            master     -> FETCH_HEAD
warning: fetch updated the current branch head.
fast-forwarding your working tree from
commit 5d11b164eb4ac5c85cbae4c925fa102f1cad8798.
error: Your local changes to the following files would be overwritten by merge:
	MEMORY.md
	logs/cron_backup.log
	logs/cron_sync.log
Please commit your changes or stash them before you merge.
error: The following untracked working tree files would be overwritten by merge:
	run_backend.sh
	run_backend_local.sh
	worklog/daily-worklog-2026-02-11.md
Please move or remove them before you merge.
Aborting
fatal: Cannot fast-forward your working tree.
After making sure that you saved anything precious from
$ git diff 5d11b164eb4ac5c85cbae4c925fa102f1cad8798
output, run
$ git reset --hard
to recover.
[Wed Feb 11 12:00:02 CST 2026] Sync Failed
[Wed Feb 11 16:00:01 CST 2026] Starting Sync...
From github.com:LuJie0403/openclaw-agent-ws
 * branch            master     -> FETCH_HEAD
Already up to date.
[Wed Feb 11 16:00:02 CST 2026] Sync Success
[Wed Feb 11 20:00:01 CST 2026] Starting Sync...
From github.com:LuJie0403/openclaw-agent-ws
 * branch            master     -> FETCH_HEAD
   5d11b16..78a4793  master     -> origin/master
Updating 6dc0639..78a4793
Fast-forward
[Wed Feb 11 20:00:03 CST 2026] Sync Success
[Thu Feb 12 08:00:01 CST 2026] Starting Sync...
From github.com:LuJie0403/openclaw-agent-ws
 * branch            master     -> FETCH_HEAD
Already up to date.
[Thu Feb 12 08:00:02 CST 2026] Sync Success
[Thu Feb 12 12:00:01 CST 2026] Starting Sync...
From github.com:LuJie0403/openclaw-agent-ws
 * branch            master     -> FETCH_HEAD
warning: fetch updated the current branch head.
fast-forwarding your working tree from
commit 78a4793a7db95b96f18e36f70360787cabadfdee.
error: Your local changes to the following files would be overwritten by merge:
	AGENTS.md
	MEMORY.md
	logs/cron_backup.log
	logs/cron_sync.log
	openclaw-backend.service
Please commit your changes or stash them before you merge.
error: The following untracked working tree files would be overwritten by merge:
	deploy_refactored.sh
	memory/2026-02-12.md
Please move or remove them before you merge.
Aborting
fatal: Cannot fast-forward your working tree.
After making sure that you saved anything precious from
$ git diff 78a4793a7db95b96f18e36f70360787cabadfdee
output, run
$ git reset --hard
to recover.
[Thu Feb 12 12:00:02 CST 2026] Sync Failed
[Thu Feb 12 16:00:01 CST 2026] Starting Sync...
From github.com:LuJie0403/openclaw-agent-ws
 * branch            master     -> FETCH_HEAD
Already up to date.
[Thu Feb 12 16:00:02 CST 2026] Sync Success
[Thu Feb 12 20:00:01 CST 2026] Starting Sync...
From github.com:LuJie0403/openclaw-agent-ws
 * branch            master     -> FETCH_HEAD
Already up to date.
[Thu Feb 12 20:00:02 CST 2026] Sync Success
[Fri Feb 13 08:00:01 CST 2026] Starting Sync...
From github.com:LuJie0403/openclaw-agent-ws
 * branch            master     -> FETCH_HEAD
Already up to date.
[Fri Feb 13 08:00:02 CST 2026] Sync Success
[Fri Feb 13 12:00:01 CST 2026] Starting Sync...
From github.com:LuJie0403/openclaw-agent-ws
 * branch            master     -> FETCH_HEAD
warning: fetch updated the current branch head.
fast-forwarding your working tree from
commit b29663e68ffbdac3fb0b3a475bbd4f47a3c5557a.
error: Your local changes to the following files would be overwritten by merge:
	logs/cron_backup.log
	logs/cron_sync.log
Please commit your changes or stash them before you merge.
error: The following untracked working tree files would be overwritten by merge:
	worklog/daily-worklog-2026-02-13.md
Please move or remove them before you merge.
Aborting
fatal: Cannot fast-forward your working tree.
After making sure that you saved anything precious from
$ git diff b29663e68ffbdac3fb0b3a475bbd4f47a3c5557a
output, run
$ git reset --hard
to recover.
[Fri Feb 13 12:00:02 CST 2026] Sync Failed
[Fri Feb 13 16:00:01 CST 2026] Starting Sync...
From github.com:LuJie0403/openclaw-agent-ws
 * branch            master     -> FETCH_HEAD
Already up to date.
[Fri Feb 13 16:00:02 CST 2026] Sync Success
